<div>Testing child component</div>
<div>Slot part Title</div>
This is slot content: Slot data