<!DOCTYPE html>
<html>

<head>

        <title>App title</title>

</head>

<body>

        <p>
    USER:
            UserItem Slot: ID-0 Jhonz Doea 30



        User is not set

</p><p>
    USER:
            UserItem Slot: ID-1 Jhony Doeb 31



        User is not set

</p><p>
    USER:
            UserItem Slot: ID-2 Jhonx Doec 32



        User is not set

</p><p>
    USER:
            UserItem Slot: ID-3 Jhonw Doed 33



        User is not set

</p><p>
    USER:
            UserItem Slot: ID-4 Jhonv Doee 34



        User is not set

</p>
        <b>raw html demo</b>
        <p>
    USER:
            user-ID-0
            <div>
                <b>
                    Age < 31: ID-0 Jhonz Doea 30
                </b>
            </div>



        Jhonz Doea

</p><p>
    USER:
            user-ID-1
            <div>
                <b>
                    else: ID-1 Jhony Doeb 31
                </b>
            </div>



        Jhony Doeb

</p><p>
    USER:
            user-ID-2
            <div>
                <b>
                    else-if age 32: ID-2 Jhonx Doec 32
                </b>
            </div>



        Jhonx Doec

</p><p>
    USER:
            user-ID-3
            <div>
                <b>
                    else: ID-3 Jhonw Doed 33
                </b>
            </div>



        Jhonw Doed

</p><p>
    USER:
            user-ID-4
            <div>
                <b>
                    else: ID-4 Jhonv Doee 34
                </b>
            </div>



        Jhonv Doee

</p>



    <p>Name: Jhon Doe</p>
    <p>Occupation: Web developer</p>
    <span class="my-class app-component active">
        attribute merge
    </span>
    <header aria-disabled id="my-header"></header>
    <f:table xmlns:f="https://www.w3schools.com/furniture">
        <f:name>Xml parsing demo</f:name>
        <f:width>80</f:width>
        <f:length>120</f:length>
    </f:table>


</body>

</html>