<div>Wellcome to my awesome application</div>
<p>Jhon Doe</p>